Umiel the Devilspawn Hell Knight, Level 1/1
Exp: 101  Gold: 1229  Turn: 4470
Killed on level: 1 (max. 1) by a Wandering Hoarder
Zborg Compile Date: Apr 20 2018
######################################################################################################################################################################################################
#                                                                                                                                                                                                    #
#                                                                                                                                                                                                    #
#                                                                                                                                                                                                    #
#                                                                                                                                                                                                    #
#                                                                                                                                                                                                    #
#                                                                                                                                                     &&&                                            #
#                                                                                                                                                     &&&                                            #
#                                                                                                                                                                                                    #
#                                                                                                                                                                                                    #
#                                                                                                                                                                                                    #
#                                                                                                                                                                                                    #
#                                                                                                                                                                                                    #
#                                                                                                                                                                                                    #
#                                                                                                                                                                                                    #
#                                                                                           &                          &                                                                             #
#                                                                                                                                                                                                    #
#                                                                                        &                                                                                                           #
#              &                                                                                                                                                                                     #
#                                                                                                                       &                                                                            #
#                                                                                                                                                                                                    #
#                                                                                       &                                                                                                            #
#                                                                                                                                                                                                    #
#                                                                                                                                                                                                    #
#                                                                                                                                                                                                    #
#                                                                                     &                                                                                                              #
#                                                                                                                                                                                      &  &          #
#       &                                                                                                                                                                                            #
#                                                                                                                                                                                                    #
#                                                                                   &                                                                                                                #
#                                                                                                                                                                                                    #
#                                                                                                                                                                                                    #
#                                                                                                                                                                                                    #
#                                                                                                                                                                                                    #
#                                                                                                         @@@@.@@@@@@.@@@@@@@@@                                                                      #
#                                                &                                                        '...................@                                                                      #
#                                                  &                                                      @....$..............@                                                                      #
#                                                                                                         @...................@                                                                      #
#                                               &                           &                             @....p..<...........@                                                                      #
#                                                                                                         %...................@                                                     &                #
#                                                                                                         %@@@.@@@@.@.@@@@@@@@@                                                                      #
#                                                                                                                 @.@.@                                                                              #
#                                                                                                                 @.@@@                                                                              #
#                                                                                                                 @.@p@                                                                              #
#                                                                                                                 @.@C@                                                                              #
#                                                                                                                 @.@.@                                                                              #
#                                                                                                        @%@@@@%@@@.@.@@@@@@@@@                                                                      #
#                                                                                                        %....................@                                                                      #
#                                                                                                        %....................@                                                                      #
#                                                                                                        @....................+&                       &                                             #
#                                                                                                        @..................C.@                                                                      #
#                &                                                                                       @@@%%%%@%%.@@%@%@@@@@@                                                                      #
#                                                                                                                                                                                                    #
#                                                                                 &                                                                                                                  #
#                                                                                                                                                                                                    #
#                                                                                                                                                                                                    #
#                      &                                                                                                                                                                             #
#                                                                                                                  '                                                                                 #
#                                                                                    &                            ...                                                                                #
#                                                                                    &                            ...                                                                                #
#                                                                                                                 ...                                                                                #
#                                                                                                                 ...                                                                                #
#                     &                                                                                           ...                                                                                #
#                                                                                                                 ...                                                                                #
#                                                                                                                @@@@@                                                                               #
######################################################################################################################################################################################################
monster 'Wandering Suicidal' (22) at (38,111) speed 109 
monster 'Wandering Hoarder' (23) at (43,117) speed 114 
monster 'Two Headed Jackal' (28) at (50,124) speed 120 
monster 'Two Headed Jackal' (28) at (44,117) speed 120 


  [Last Messages]

# Current goal Recover, 10 is at (38,38)
# Current goal Objects, 2 is at (38,38)
# Current goal Monsters, 1 is at (38,38)
# Current goal Objects, 2 is at (38,38) <2x>
# Current goal Stores, 3 is at (38,38)
# Current goal Exploring, 4 is at (38,38)
# Current goal Searching, 5 is at (38,38)
# Current goal Leaving, 6 is at (38,38)
# Current goal Town, 8 is at (38,38)
# Current goal Exploring, 4 is at (38,38)
& Key <1>
# Current goal Digging, 11 is at (38,38)
# Current goal Get to safety, 12 is at (38,38)
# Loc:47,114 Dep:1 Lev:1 HP:17/19 SP:0/0 Danger:p=4
# Current goal Objects, 2 is at (38,38)
# Current goal Recover, 10 is at (38,38)
# Current goal Objects, 2 is at (38,38)
# Current goal Monsters, 1 is at (38,38)
# Current goal Objects, 2 is at (38,38) <2x>
# Current goal Stores, 3 is at (38,38)
# Current goal Exploring, 4 is at (38,38)
# Current goal Searching, 5 is at (38,38)
# Current goal Leaving, 6 is at (38,38)
# Current goal Town, 8 is at (38,38)
# Current goal Exploring, 4 is at (38,38)
# Flowing toward Dark-3 at cost 4
# Current goal Exploring, 4 is at (43,43)
& Key <3>
The Wandering Hoarder hits you.
The Wandering Hoarder misses you.
# Current goal Digging, 11 is at (43,43)
# Current goal Get to safety, 12 is at (43,43)
# Loc:48,115 Dep:1 Lev:1 HP:14/19 SP:0/0 Danger:p=4
# Current goal Objects, 2 is at (43,43)
# Current goal Recover, 10 is at (38,38)
# Current goal Objects, 2 is at (38,38)
# Current goal Monsters, 1 is at (38,38)
# Current goal Objects, 2 is at (38,38) <2x>
# Current goal Stores, 3 is at (38,38)
# Current goal Exploring, 4 is at (38,38)
# Current goal Searching, 5 is at (38,38)
# Current goal Leaving, 6 is at (38,38)
# Current goal Town, 8 is at (38,38)
# Flowing toward Dark-3 at cost 3
# Current goal Exploring, 4 is at (44,44)
& Key <9>
The Wandering Hoarder hits you. <2x>
*** LOW HITPOINT WARNING! ***
# Current goal Digging, 11 is at (44,44)
# Current goal Get to safety, 12 is at (44,44)
# Loc:47,116 Dep:1 Lev:1 HP:9/19 SP:0/0 Danger:p=4
# Current goal Objects, 2 is at (44,44)
# Current goal Recover, 10 is at (38,38)
# Current goal Objects, 2 is at (38,38)
# Current goal Monsters, 1 is at (38,38)
# Current goal Objects, 2 is at (38,38) <2x>
# Current goal Stores, 3 is at (38,38)
# Current goal Exploring, 4 is at (38,38)
# Current goal Searching, 5 is at (38,38)
# Current goal Leaving, 6 is at (38,38)
# Current goal Town, 8 is at (38,38)
# heading up (bored and unable to dive: rs amt_fuel)
# Boosting bravery (1) from 9 to 18!
# Current goal Monsters, 1 is at (2,2)
# Current goal Objects, 2 is at (38,38)
# Current goal Stores, 3 is at (38,38)
# Current goal Exploring, 4 is at (38,38)
# Current goal Searching, 5 is at (38,38)
# Current goal Leaving, 6 is at (38,38)
# Current goal Exploring, 4 is at (38,38)
& Key <9>
The Wandering Hoarder hits you.
*** LOW HITPOINT WARNING! ***
# Ignoring a monster 'Wandering Hoarder' near (47,116)
# Current goal Digging, 11 is at (38,38)
# Current goal Get to safety, 12 is at (38,38)
# Loc:46,117 Dep:1 Lev:1 HP:7/19 SP:0/0 Danger:p=4
# Current goal Objects, 2 is at (38,38)
# Current goal Recover, 10 is at (38,38)
# Current goal Objects, 2 is at (38,38)
# Current goal Monsters, 1 is at (38,38)
# Current goal Objects, 2 is at (38,38) <2x>
# Current goal Stores, 3 is at (38,38)
# Current goal Exploring, 4 is at (38,38)
# Current goal Searching, 5 is at (38,38)
# Current goal Leaving, 6 is at (38,38)
# Current goal Town, 8 is at (38,38)
# heading up (bored and unable to dive: rs amt_fuel)
# Boosting bravery (1) from 7 to 14!
# Current goal Monsters, 1 is at (36,36)
# Current goal Objects, 2 is at (38,38)
# Current goal Stores, 3 is at (38,38)
# Current goal Exploring, 4 is at (38,38)
# Current goal Searching, 5 is at (38,38)
# Current goal Leaving, 6 is at (38,38)
# Current goal Exploring, 4 is at (38,38) <2x>
& Key <8>
The Wandering Hoarder hits you.
*** LOW HITPOINT WARNING! ***
# Current goal Digging, 11 is at (38,38)
# Current goal Get to safety, 12 is at (38,38)
# Loc:45,117 Dep:1 Lev:1 HP:4/19 SP:0/0 Danger:p=4
# No Phase. scary squares: 45
# Fleeing (failed to teleport)
# Leaving (failed to teleport)
# No Phase. scary squares: 50
# Current goal Objects, 2 is at (38,38)
# Current goal Recover, 10 is at (38,38)
# Current goal Fleeing, 7 is at (38,38)
# Fleeing level but not Recalling.
# Current goal Objects, 2 is at (38,38)
# Current goal Monsters, 1 is at (38,38)
# Current goal Objects, 2 is at (38,38) <2x>
# Current goal Fleeing, 7 is at (38,38)
# Current goal Stores, 3 is at (38,38)
# Current goal Exploring, 4 is at (38,38)
# Current goal Searching, 5 is at (38,38)
# Current goal Leaving, 6 is at (38,38)
# Current goal Town, 8 is at (38,38)
# heading up (bored and unable to dive: rs amt_fuel)
# Boosting bravery (1) from 4 to 8!
# Current goal Fleeing, 7 is at (33,33)
# Flowing toward up-stairs at cost 8
# Current goal Fleeing, 7 is at (38,38)
& Key <8>
# Current goal Digging, 11 is at (38,38)
# Current goal Get to safety, 12 is at (38,38)
# Loc:44,117 Dep:1 Lev:1 HP:4/19 SP:0/0 Danger:p=4
# No Phase. scary squares: 41
# No Phase. scary squares: 47
# Current goal Objects, 2 is at (38,38)
# Current goal Recover, 10 is at (38,38)
# Current goal Fleeing, 7 is at (38,38)
# Fleeing level but not Recalling.
# Current goal Objects, 2 is at (38,38)
# Current goal Monsters, 1 is at (38,38)
# Current goal Objects, 2 is at (38,38) <2x>
# Current goal Fleeing, 7 is at (38,38)
# Current goal Stores, 3 is at (38,38)
# Current goal Exploring, 4 is at (38,38)
# Current goal Searching, 5 is at (38,38)
# Current goal Leaving, 6 is at (38,38)
# Current goal Town, 8 is at (38,38)
# heading up (bored and unable to dive: rs amt_fuel)
# Boosting bravery (1) from 4 to 8!
# Current goal Fleeing, 7 is at (37,37)
# Flowing toward up-stairs at cost 7
# Current goal Fleeing, 7 is at (38,38)
& Key <8>
The Wandering Hoarder hits you.
*** LOW HITPOINT WARNING! ***
# Current goal Digging, 11 is at (38,38)
# Current goal Get to safety, 12 is at (38,38)
# Loc:43,117 Dep:1 Lev:1 HP:2/19 SP:0/0 Danger:p=4
# Fleeing and leaving the level. (scaryguy)
# Safe to Phase. scary squares: 45
# Safe to Phase. scary squares: 47
# Safe to Phase. scary squares: 44
# No Phase. scary squares: 41
# Safe to Phase. scary squares: 54
# No Phase. scary squares: 45
# No Phase. scary squares: 48
# Bored, or recalling and fighting a monster on Scaryguy Level. <3x>
# Current goal Objects, 2 is at (38,38)
# Current goal Recover, 10 is at (38,38)
# Current goal Fleeing, 7 is at (38,38)
# Fleeing level but not Recalling.
# Current goal Objects, 2 is at (38,38)
# Current goal Monsters, 1 is at (38,38)
# Current goal Objects, 2 is at (38,38) <2x>
# Current goal Fleeing, 7 is at (38,38)
# Current goal Stores, 3 is at (38,38)
# Current goal Exploring, 4 is at (38,38)
# Current goal Searching, 5 is at (38,38)
# Current goal Leaving, 6 is at (38,38)
# Current goal Town, 8 is at (38,38)
# Current goal Exploring, 4 is at (33,33)
& Key <8>
# Current goal Digging, 11 is at (33,33)
# Current goal Get to safety, 12 is at (33,33)
# Loc:42,117 Dep:1 Lev:1 HP:2/19 SP:0/0 Danger:p=4
# Fleeing and leaving the level. (scaryguy)
# Safe to Phase. scary squares: 41
# Safe to Phase. scary squares: 49
# No Phase. scary squares: 55
# No Phase. scary squares: 45
# Safe to Phase. scary squares: 42
# No Phase. scary squares: 47
# No Phase. scary squares: 43
# Bored, or recalling and fighting a monster on Scaryguy Level. <3x>
# Current goal Objects, 2 is at (33,33)
# Current goal Recover, 10 is at (38,38)
# Current goal Fleeing, 7 is at (38,38)
# Fleeing level but not Recalling.
# Current goal Objects, 2 is at (38,38)
# Current goal Monsters, 1 is at (38,38)
# Current goal Objects, 2 is at (38,38) <2x>
# Current goal Fleeing, 7 is at (38,38)
# Current goal Stores, 3 is at (38,38)
# Current goal Exploring, 4 is at (38,38)
# Current goal Searching, 5 is at (38,38)
# Current goal Leaving, 6 is at (38,38)
# Current goal Town, 8 is at (38,38)
# Current goal Exploring, 4 is at (33,33)
& Key <8>
The Wandering Hoarder hits you.
You die.
# Aborting (death).
# Borg death...


  [Character Equipment]

a) (nothing)
b) (nothing)
c) (nothing)
d) (nothing)
e) (nothing)
f) a Brass Lantern (with 7053 turns of light)
g) Metal Scale Mail (-2) [13,+0]
h) (nothing)
i) (nothing)
j) (nothing)
k) (nothing)
l) (nothing)
m) (nothing)
n) (nothing)
o) (nothing)
p) (nothing)
q) (nothing)
r) (nothing)


  [Character Inventory]

a) a Book of the Damned [Lesser Pacts]
b) a White Truffle
c) 4 Scrolls of Satisfy Hunger
d) a Demonic Broad Sword (2d5) (+0,+0) {Boring}
e) (nothing)
f) (nothing)
g) (nothing)
h) (nothing)
i) (nothing)
j) (nothing)
k) (nothing)
l) (nothing)
m) (nothing)
n) (nothing)
o) (nothing)
p) (nothing)
q) (nothing)
r) (nothing)
s) (nothing)
t) (nothing)
u) (nothing)
v) (nothing)
w) (nothing)


  [Home Inventory (page 1)]



  [Home Inventory (page 2)]



  [Swap info]

Swap Weapon:  a Book of the Damned [Lesser Pacts]
Swap Armour:  a Book of the Damned [Lesser Pacts]

   [Player State at Death] 

Current speed: 104. 
Time on this panel; 2
Time on this level; 16
Time since left town; 16
Food in town; -1
Borg_no_retreat; 3
Breeder_level; 0
Unique_on_level; 0
It is daytime in town.






   [ Realm 1 ] 

Name                           Legal Times cast
Unholy Strength                  No    0
Sense Evil                       No    0
Scorch                           No    0
Perilous Shadows                 No    0
Teleport                         No    0
Disintegrate                     No    0
Demonic Sigil                    No    0
Hecate's Radiance                No    0

Unholy Strength                  No    0
Sense Evil                       No    0
Scorch                           No    0
Perilous Shadows                 No    0
Teleport                         No    0
Disintegrate                     No    0
Demonic Sigil                    No    0
Hecate's Radiance                No    0

Unholy Strength                  No    0
Sense Evil                       No    0
Scorch                           No    0
Perilous Shadows                 No    0
Teleport                         No    0
Disintegrate                     No    0
Demonic Sigil                    No    0
Hecate's Radiance                No    0

Unholy Strength                  No    0
Sense Evil                       No    0
Scorch                           No    0
Perilous Shadows                 No    0
Teleport                         No    0
Disintegrate                     No    0
Demonic Sigil                    No    0
Hecate's Radiance                No    0

skill 1350 (_STR) value= 18.
skill 1351 (_INT) value= 4.
skill 1352 (_WIS) value= 4.
skill 1353 (_DEX) value= 11.
skill 1354 (_CON) value= 17.
skill 1355 (_CHR) value= 0.
skill 1356 (_CSTR) value= 17.
skill 1357 (_CINT) value= 8.
skill 1358 (_CWIS) value= 8.
skill 1359 (_CDEX) value= 17.
skill 1360 (_CCON) value= 16.
skill 1361 (_CCHR) value= 8.
skill 1362 (_SSTR) value= 0.
skill 1363 (_SINT) value= 0.
skill 1364 (_SWIS) value= 0.
skill 1365 (_SDEX) value= 0.
skill 1366 (_SCON) value= 0.
skill 1367 (_SCHR) value= 0.
skill 1368 (_INTMANA) value= 0.
skill 1369 (_WISMANA) value= 0.
skill 1370 (_LITE) value= 0.
skill 1371 (_CURHP) value= 2.
skill 1372 (_MAXHP) value= 19.
skill 1373 (_ADJHP) value= -62.
skill 1374 (_OLDCHP) value= 0.
skill 1375 (_CURSP) value= 0.
skill 1376 (_MAXSP) value= 0.
skill 1377 (_ADJSP) value= 0.
skill 1378 (_OLDCSP) value= 0.
skill 1379 (_SFAIL1) value= 0.
skill 1380 (_SFAIL2) value= 0.
skill 1381 (_REALM1) value= 9.
skill 1382 (_REALM2) value= 0.
skill 1383 (_CLEVEL) value= 1.
skill 1384 (_MAXCLEVEL) value= 1.
skill 1385 (_ESP) value= 0.
skill 1386 (_LITRAD) value= 2.
skill 1387 (_RECALL) value= 0.
skill 1388 (_FOOD) value= 9.
skill 1389 (_SPEED) value= 104.
skill 1390 (_SDIG) value= 0.
skill 1391 (_FEATH) value= 0.
skill 1392 (_REG) value= 0.
skill 1393 (_SINV) value= 0.
skill 1394 (_INFRA) value= 0.
skill 1395 (_DIS) value= 253.
skill 1396 (_DEV) value= 140.
skill 1397 (_SAV) value= 139.
skill 1398 (_STL) value= 1.
skill 1399 (_SRCH) value= 13.
skill 1400 (_SERCHFREQ) value= 17.
skill 1401 (_THN) value= 77.
skill 1402 (_THB) value= 45.
skill 1403 (_THT) value= 45.
skill 1404 (_DIG) value= 10.
skill 1405 (_VFIRE) value= 0.
skill 1406 (_VACID) value= 0.
skill 1407 (_VCOLD) value= 0.
skill 1408 (_VELEC) value= 0.
skill 1409 (_IFIRE) value= 0.
skill 1410 (_IACID) value= 0.
skill 1411 (_ICOLD) value= 0.
skill 1412 (_IELEC) value= 0.
skill 1413 (_TRFIRE) value= 0.
skill 1414 (_TRCOLD) value= 0.
skill 1415 (_TRELEC) value= 0.
skill 1416 (_TRACID) value= 0.
skill 1417 (_TRPOIS) value= 0.
skill 1418 (_RFIRE) value= 0.
skill 1419 (_RCOLD) value= 0.
skill 1420 (_RELEC) value= 0.
skill 1421 (_RACID) value= 0.
skill 1422 (_RPOIS) value= 0.
skill 1423 (_RFEAR) value= 0.
skill 1424 (_RLITE) value= 0.
skill 1425 (_RDARK) value= 0.
skill 1426 (_RBLIND) value= 0.
skill 1427 (_RCONF) value= 1.
skill 1428 (_RSND) value= 1.
skill 1429 (_RSHRD) value= 0.
skill 1430 (_RNXUS) value= 0.
skill 1431 (_RNTHR) value= 0.
skill 1432 (_RKAOS) value= 1.
skill 1433 (_RDIS) value= 0.
skill 1434 (_REFLECT) value= 0.
skill 1435 (_HLIFE) value= 0.
skill 1436 (_FRACT) value= 0.
skill 1437 (_SESP) value= 0.
skill 1438 (_SSINV) value= 0.
skill 1439 (_SRFIRE) value= 0.
skill 1440 (_SRCOLD) value= 0.
skill 1441 (_SRELEC) value= 0.
skill 1442 (_SRACID) value= 0.
skill 1443 (_SRPOIS) value= 0.
skill 1444 (_SRFEAR) value= 0.
skill 1445 (_SRLITE) value= 0.
skill 1446 (_SRDARK) value= 0.
skill 1447 (_SRBLIND) value= 0.
skill 1448 (_SRCONF) value= 1.
skill 1449 (_SRSND) value= 1.
skill 1450 (_SRSHRD) value= 0.
skill 1451 (_SRNXUS) value= 0.
skill 1452 (_SRNTHR) value= 0.
skill 1453 (_SRKAOS) value= 1.
skill 1454 (_SRDIS) value= 0.
skill 1455 (_SHLIFE) value= 0.
skill 1456 (_SFRACT) value= 0.
skill 1457 (_DEPTH) value= 0.
skill 1458 (_CDEPTH) value= 1.
skill 1459 (_MAXDEPTH) value= 1.
skill 1460 (_KING) value= 0.
skill 1461 (_ISWEAK) value= 0.
skill 1462 (_ISHUNGRY) value= 0.
skill 1463 (_ISFULL) value= 1.
skill 1464 (_ISGORGED) value= 0.
skill 1465 (_ISBLIND) value= 0.
skill 1466 (_ISAFRAID) value= 0.
skill 1467 (_ISCONFUSED) value= 0.
skill 1468 (_ISPOISONED) value= 0.
skill 1469 (_ISCUT) value= 0.
skill 1470 (_ISSTUN) value= 0.
skill 1471 (_ISHEAVYSTUN) value= 0.
skill 1472 (_ISIMAGE) value= 0.
skill 1473 (_ISSTUDY) value= 0.
skill 1474 (_ISSEARCHING) value= 0.
skill 1475 (_ISFIXLEV) value= 0.
skill 1476 (_ISFIXEXP) value= 0.
skill 1477 (_ISFIXSTR) value= 0.
skill 1478 (_ISFIXINT) value= 0.
skill 1479 (_ISFIXWIS) value= 0.
skill 1480 (_ISFIXDEX) value= 0.
skill 1481 (_ISFIXCON) value= 0.
skill 1482 (_ISFIXCHR) value= 0.
skill 1483 (_ISFIXALL) value= 0.
skill 1484 (_HRTIME) value= 7.
skill 1485 (_MNTIME) value= 4.
skill 1486 (_FIRESH) value= 0.
skill 1487 (_ELECSH) value= 0.
skill 1488 (_WRAITH) value= 0.
skill 1489 (_VAMPIRE) value= 0.
skill 1490 (_PASSWALL) value= 0.
skill 1491 (_ARMOR) value= 13.
skill 1492 (_TOHIT) value= -122.
skill 1493 (_TODAM) value= -121.
skill 1494 (_WTOHIT) value= 0.
skill 1495 (_WTODAM) value= 0.
skill 1496 (_BTOHIT) value= 0.
skill 1497 (_BTODAM) value= 0.
skill 1498 (_BLOWS) value= 1.
skill 1499 (_SHOTS) value= 1.
skill 1500 (_WMAXDAM) value= -121.
skill 1501 (_WBASEDAM) value= 0.
skill 1502 (_BMAXDAM) value= 0.
skill 1503 (_HEAVYWEPON) value= 0.
skill 1504 (_HEAVYBOW) value= 0.
skill 1505 (_CRSTELE) value= 0.
skill 1506 (_CRSAGRV) value= 0.
skill 1507 (_CRSTY) value= 0.
skill 1508 (_CRSNOTELE) value= 0.
skill 1509 (_CRSNOMAGIC) value= 0.
skill 1510 (_ENCUMBERD) value= 78.
skill 1511 (_FEAR_LITE) value= 0.
skill 1512 (_NOEAT) value= 0.
skill 1513 (_NO_MELEE) value= 0.
skill 1514 (_WSANIMAL) value= 0.
skill 1515 (_WSEVIL) value= 0.
skill 1516 (_WSUNDEAD) value= 0.
skill 1517 (_WSDEMON) value= 0.
skill 1518 (_WSORC) value= 0.
skill 1519 (_WSTROLL) value= 0.
skill 1520 (_WSGIANT) value= 0.
skill 1521 (_WSDRAGON) value= 0.
skill 1522 (_WKDRAGON) value= 0.
skill 1523 (_WIMPACT) value= 0.
skill 1524 (_WBACID) value= 0.
skill 1525 (_WBELEC) value= 0.
skill 1526 (_WBFIRE) value= 0.
skill 1527 (_WBCOLD) value= 0.
skill 1528 (_WBPOIS) value= 0.
skill 1529 (_WBVORPAL) value= 0.
skill 1530 (_WBVAMPIRIC) value= 0.
skill 1531 (_WBCHAOTIC) value= 0.
skill 1532 (_ATELEPORT) value= 0.
skill 1533 (_AESCAPE) value= 0.
skill 1534 (_ADIMDOOR) value= 0.
skill 1535 (_FUEL) value= 0.
skill 1536 (_HEAL) value= 0.
skill 1537 (_EZHEAL) value= 0.
skill 1538 (_ALIFE) value= 0.
skill 1539 (_ID) value= 0.
skill 1540 (_ASPEED) value= 0.
skill 1541 (_ASTFMAGI) value= 0.
skill 1542 (_ASTFDEST) value= 0.
skill 1543 (_AMISSLES) value= 0.
skill 1544 (_ACUREPOIS) value= 0.
skill 1545 (_ADETTRAP) value= 0.
skill 1546 (_ADETDOOR) value= 0.
skill 1547 (_ADETEVIL) value= 0.
skill 1548 (_AMAGICMAP) value= 0.
skill 1549 (_ALITE) value= 0.
skill 1550 (_ARECHARGE) value= 0.
skill 1551 (_APFE) value= 0.
skill 1552 (_AGLYPH) value= 0.
skill 1553 (_AGENOCIDE) value= 0.
skill 1554 (_ACCW) value= 0.
skill 1555 (_ACSW) value= 0.
skill 1556 (_ACLW) value= 0.
skill 1557 (_ARESHEAT) value= 0.
skill 1558 (_ARESCOLD) value= 0.
skill 1559 (_ARESACID) value= 0.
skill 1560 (_ARESALL) value= 0.
skill 1561 (_ATELEPORTLVL) value= 0.
skill 1562 (_AXGOI) value= 0.
skill 1563 (_AGOI) value= 0.
skill 1564 (_AHWORD) value= 0.
skill 1565 (_ASTONE2MUD) value= 0.
skill 1566 (_AROD1) value= 0.
skill 1567 (_AROD2) value= 0.
